redis-server  -- to start redis server
redis-cli  -- to interact with redis

127.0.0.1:6379> SET name Rahul
OK
127.0.0.1:6379> GET name
"Rahul"
127.0.0.1:6379> SET age 45
OK
127.0.0.1:6379> GET age
"45"
127.0.0.1:6379> DEL age
(integer) 1
127.0.0.1:6379> DEL age
(integer) 0
127.0.0.1:6379> DEL age
(integer) 0
127.0.0.1:6379> DEL age
(integer) 0
127.0.0.1:6379> GET age
(nil)
127.0.0.1:6379> DEL name
(integer) 1
127.0.0.1:6379> GET hello
(nil)
127.0.0.1:6379> GET *
(nil)
127.0.0.1:6379> SET name Rahul
OK
127.0.0.1:6379> GET *
(nil)
127.0.0.1:6379> GET name
"Rahul"
127.0.0.1:6379> GET n*
(nil)
127.0.0.1:6379> KEYS *
1) "name"
127.0.0.1:6379> flushall
OK
127.0.0.1:6379> KEYS *
(empty array)
127.0.0.1:6379> SET name Rahul
OK
127.0.0.1:6379> ttl name
(integer) -1
127.0.0.1:6379> expire name 10
(integer) 1
127.0.0.1:6379> ttl name
(integer) 8
127.0.0.1:6379> ttl name
(integer) 6
127.0.0.1:6379> ttl name
(integer) 5
127.0.0.1:6379> ttl name
(integer) -2
127.0.0.1:6379> ttl name
(integer) -2
127.0.0.1:6379> GET name
(nil)
127.0.0.1:6379> setex name1 20 new
OK
127.0.0.1:6379> GET name1
"new"
127.0.0.1:6379> ttl name1
(integer) 10
127.0.0.1:6379> ttl name1
(integer) 8
127.0.0.1:6379> ttl name1
(integer) 7
127.0.0.1:6379> 

127.0.0.1:6379> lpush friends john
(integer) 1
127.0.0.1:6379> get friends
(error) WRONGTYPE Operation against a key holding the wrong kind of value
127.0.0.1:6379> lrang friends
(error) ERR unknown command `lrang`, with args beginning with: `friends`, 
127.0.0.1:6379> lrange friends
(error) ERR wrong number of arguments for 'lrange' command
127.0.0.1:6379> lrange friends 1 -1
(empty array)
127.0.0.1:6379> lrange friends 0 -1
1) "john"
127.0.0.1:6379> lpush friends sally
(integer) 2
127.0.0.1:6379> lrange friends 0 -1
1) "sally"
2) "john"
127.0.0.1:6379> rpush friends mike
(integer) 3
127.0.0.1:6379> lrange friends 0 -1
1) "sally"
2) "john"
3) "mike"
127.0.0.1:6379> lpop key
(nil)
127.0.0.1:6379> rpop key
(nil)
127.0.0.1:6379> lpop friends
"sally"
127.0.0.1:6379> rpop friends
"mike"
127.0.0.1:6379> 


